built /nix/store/gfwmw531l96smgmd788k4gq19r7fhlb7-nix-build-for-each
built /nix/store/jyfgaf26wjrwzh8mjvbdc22a98jrwwzj-nix-build-for-each-tests
